// Jest Snapshot v1, https://goo.gl/fbAQLP

exports[`Button should render with a snapshot 1`] = `
<button
  class="sc-bczRLJ"
  type="button"
>
  Base button
</button>
`;
